
 Start         Length     Name                   Class
 0001:00000000 000029D0H .text                   CODE
 0002:00000000 000000A8H .data                   DATA
 0002:000000A8 00000869H .bss                    BSS


Detailed map of segments

 0001:00000000 000025B7 C=CODE     S=.text    G=(none)   M=System   ACBP=A9
 0001:000025B8 00000140 C=CODE     S=.text    G=(none)   M=SysInit  ACBP=A9
 0001:000026F8 0000015C C=CODE     S=.text    G=(none)   M=Unit1    ACBP=A9
 0001:00002854 0000017C C=CODE     S=.text    G=(none)   M=randwav  ACBP=A9
 0002:00000000 0000008C C=DATA     S=.data    G=DGROUP   M=System   ACBP=A9
 0002:0000008C 00000018 C=DATA     S=.data    G=DGROUP   M=SysInit  ACBP=A9
 0002:00001000 000006F4 C=BSS      S=.bss     G=DGROUP   M=System   ACBP=A9
 0002:000016F4 00000018 C=BSS      S=.bss     G=DGROUP   M=SysInit  ACBP=A9
 0002:0000170C 00000004 C=BSS      S=.bss     G=DGROUP   M=Unit1    ACBP=A9
 0002:00001710 00000158 C=BSS      S=.bss     G=DGROUP   M=randwav  ACBP=A9


  Address         Publics by Name

 0002:00001704       .1
 0002:0000170C       .1
 0002:000015A4       .5
 0001:0000189C       @Close
 0001:0000240C       @DispCallByIDError
 0001:00001E28       @DoneExcept
 0001:00001F10       @ExceptionHandler
 0001:00001890       @Flush
 0001:00001B68       @FpuInit
 0001:00001AA4       @FpuMaskInit
 0001:0000147C       @FreeMem
 0001:0000145C       @GetMem
 0001:00002630       @GetTls
 0001:000022E8       @Halt
 0001:00002210       @Halt0
 0001:00001C70       @HandleAnyException
 0001:00001D9C       @HandleFinally
 0001:0000267C       @InitExe
 0001:00001A74       @isNECWindows
 0001:00002300       @LStrClr
 0001:00002380       @LStrFromArray
 0001:00002350       @LStrFromPCharLen
 0001:00002398       @LStrToPChar
 0001:00002324       @NewAnsiString
 0001:00001DD4       @RaiseAgain
 0001:000018F4       @RandInt
 0001:000015E4       @RewritText
 0001:000022F4       @RunError
 0001:000020B8       @StartExe
 0001:00001E58       @TryFinallyExit
 0001:000023A4       @Write0LString
 0001:00001954       @WriteBytes
 0001:00001A24       @WriteLn
 0001:000023AC       @WriteLString
 0001:000019A8       @WriteSpaces
 0001:00000174       AddBlockAfter
 0002:0000159C       AllocMemCount
 0002:000015A0       AllocMemSize
 0001:000025D8       AllocTlsBuffer
 0002:000015F0       avail
 0002:000015C8       blockDescBlockList
 0002:000015CC       blockDescFreeList
 0001:00001BEC       CheckJmp
 0001:00000000       CloseHandle
 0002:0000102C       CmdLine
 0002:00001028       CmdShow
 0001:00000454       Commit
 0002:0000160C       committedRoot
 0001:00000008       CreateFileA
 0002:00001604       curAlloc
 0002:00000014       DebugHook
 0001:000004E8       Decommit
 0001:00000B04       DecommitFree
 0002:000015E0       decommittedRoot
 0002:00000010       Default8087CW
 0002:00000020       DefaultTextLineBreakStyle
 0001:000001A4       DeleteBlock
 0001:00000114       DeleteCriticalSection
 0001:0000094C       DeleteFree
 0002:0000007C       dig
 0002:00001000       DispCallByIDProc
 0001:00000104       EnterCriticalSection
 0002:00000074       errCaption
 0001:000014F4       Error
 0002:00000004       ErrorAddr
 0001:000014A8       ErrorAt
 0002:00001008       ErrorProc
 0002:000013D0       ErrOutput
 0002:0000100C       ExceptObjProc
 0002:00001004       ExceptProc
 0002:00000000       ExitCode
 0001:00002154       ExitDll
 0002:00001030       ExitProc
 0001:00000068       ExitProcess
 0002:00001018       ExitProcessProc
 0002:0000000C       FileMode
 0001:0000162C       FileNOPProc
 0001:00002710       FileTimeToDosDateTime
 0001:00002708       FileTimeToLocalFileTime
 0001:00000A34       FillAfterGap
 0001:000009E0       FillBeforeGap
 0001:00000ACC       FillerSizeAfterGap
 0001:00000A5C       FillerSizeBeforeGap
 0001:000024F0       Finalization
 0001:00002854       Finalization
 0001:000026C0       Finalization
 0001:0000281C       Finalization
 0001:00001FF8       FinalizeUnits
 0001:00002718       FindClose
 0001:000009B0       FindCommitted
 0001:000027A8       FindFirst
 0001:000026F8       FindFirstFile
 0001:00002728       Findlose
 0001:00002744       FindMatchingFile
 0001:000027F8       FindNext
 0001:00002700       FindNextFile
 0001:0000071C       FreeCommitted
 0001:00000C3C       FreeCurAlloc
 0001:00000078       FreeLibrary
 0001:0000039C       FreeSpace
 0001:0000011C       GetBlockDesc
 0001:000000B8       GetCmdShow
 0001:00000080       GetCommandLine
 0001:00000568       GetCommitted
 0001:000005F8       GetCommittedAt
 0001:000000B0       GetCurrentThreadId
 0001:00000020       GetFileSize
 0001:00000010       GetFileType
 0001:00001A6C       GetKeyboardType
 0001:00000088       GetLastError
 0001:000025B8       GetModuleHandle
 0001:000002C0       GetSpace
 0001:00000324       GetSpaceAt
 0001:00000090       GetStartupInfo
 0001:00000028       GetStdHandle
 0001:00000018       GetSystemTime
 0001:000025E4       GetTlsSize
 0002:000015AC       heapErrorCode
 0002:000015B0       heapLock
 0002:00001700       HInstance
 0001:000007A8       InitAllocator
 0002:0000161C       InitContext
 0001:000000FC       InitializeCriticalSection
 0002:000015A8       initialized
 0001:00002670       InitializeModule
 0001:000025EC       InitThreadTLS
 0001:00002058       InitUnits
 0001:000023EC       InitVariantManager
 0002:00001038       Input
 0001:00000BB4       InsertFree
 0001:0000166C       InternalClose
 0001:00001848       InternalFlush
 0001:00000A10       InternalFreeMem
 0002:00001034       IsConsole
 0002:00001024       IsLibrary
 0002:00001035       IsMultiThread
 0002:00000018       JITEnable
 0001:0000010C       LeaveCriticalSection
 0002:00000024       LibModuleList
 0001:000025C0       LocalAlloc
 0001:000000DC       LocalAlloc
 0001:000000E4       LocalFree
 0002:0000101C       MainInstance
 0002:00001020       MainThreadID
 0001:0000016C       MakeEmpty
 0001:000020F8       MakeErrorMessage
 0001:00001E70       MapToRunError
 0002:0000002C       MemoryManager
 0001:000001BC       MergeBlockAfter
 0001:00000C88       MergeCommit
 0001:00000070       MessageBox
 0002:0000008C       Module
 0002:000016F4       ModuleIsLib
 0002:00000028       ModuleUnloadList
 0001:00001510       Move
 0001:00000D14       NewCommit
 0001:00000D40       NewCommitAt
 0002:0000001C       NoErrMsg
 0001:00001BD8       NotifyAnyExcept
 0001:00001BC0       NotifyExcept
 0001:00001C0C       NotifyExceptFinally
 0001:00002414       NotifyModuleUnload
 0001:00001B9C       NotifyNonDelphiException
 0001:00001B80       NotifyReRaise
 0001:00001C34       NotifyTerminate
 0001:00001C50       NotifyUnhandled
 0001:0000158C       OpenText
 0002:00001204       Output
 0002:00001710       phile
 0001:00002720       PlaySound
 0001:00000030       RaiseException
 0002:00001010       RaiseExceptionProc
 0001:00001550       Randomize
 0002:00000008       RandSeed
 0001:000028A4       randwav
 0001:00000038       ReadFile
 0001:00000098       RegCloseKey
 0001:00002470       RegisterModule
 0001:000000A0       RegOpenKeyEx
 0001:000000A8       RegQueryValueEx
 0002:00000038       reMap
 0002:00001600       remBytes
 0001:00000230       RemoveBlock
 0001:000011C8       ResizeInPlace
 0002:000015FC       rover
 0001:00000040       RtlUnwind
 0002:00001014       RTLUnwindProc
 0002:00000054       runErrMsg
 0001:0000149C       RunErrorAt
 0001:00000D74       SearchSmallBlocks
 0001:00000048       SetEndOfFile
 0001:00001FB0       SetExceptionHandler
 0001:00000050       SetFilePointer
 0001:00001500       SetInOutRes
 0002:00001608       smallTab
 0002:000015D0       spaceRoot
 0001:00001024       SysFreeMem
 0001:00000E94       SysGetMem
 0001:000026F0       SysInit
 0001:00001398       SysReallocMem
 0001:00002544       System
 0002:00001036       Test8086
 0001:0000167C       TextClose
 0001:000015F0       TextIn
 0001:0000169C       TextOpen
 0001:00001630       TextOut
 0002:00001708       tlsBuffer
 0001:000025C8       TlsGetValue
 0002:000016F8       TlsIndex
 0002:FFBFC008       TlsLast
 0001:000025D0       TlsSetValue
 0001:00001B74       TObject.Free
 0001:00000DA0       TryHarder
 0001:00001910       TryOpenForOutput
 0001:00000058       UnhandledExceptionFilter
 0001:0000086C       UninitAllocator
 0001:0000284C       Unit1
 0001:00002480       UnregisterModule
 0001:00001FD0       UnsetExceptionHandler
 0002:00001648       VariantManager
 0001:000023D4       VariantSystemDefaultVarClear
 0001:000023CC       VariantSystemUndefinedError
 0001:000000EC       VirtualAlloc
 0001:000000F4       VirtualFree
 0001:00002184       WriteErrorMessage
 0001:00000060       WriteFile


  Address         Publics by Value

 0002:FFBFC008       TlsLast
 0001:00000000       CloseHandle
 0001:00000008       CreateFileA
 0001:00000010       GetFileType
 0001:00000018       GetSystemTime
 0001:00000020       GetFileSize
 0001:00000028       GetStdHandle
 0001:00000030       RaiseException
 0001:00000038       ReadFile
 0001:00000040       RtlUnwind
 0001:00000048       SetEndOfFile
 0001:00000050       SetFilePointer
 0001:00000058       UnhandledExceptionFilter
 0001:00000060       WriteFile
 0001:00000068       ExitProcess
 0001:00000070       MessageBox
 0001:00000078       FreeLibrary
 0001:00000080       GetCommandLine
 0001:00000088       GetLastError
 0001:00000090       GetStartupInfo
 0001:00000098       RegCloseKey
 0001:000000A0       RegOpenKeyEx
 0001:000000A8       RegQueryValueEx
 0001:000000B0       GetCurrentThreadId
 0001:000000B8       GetCmdShow
 0001:000000DC       LocalAlloc
 0001:000000E4       LocalFree
 0001:000000EC       VirtualAlloc
 0001:000000F4       VirtualFree
 0001:000000FC       InitializeCriticalSection
 0001:00000104       EnterCriticalSection
 0001:0000010C       LeaveCriticalSection
 0001:00000114       DeleteCriticalSection
 0001:0000011C       GetBlockDesc
 0001:0000016C       MakeEmpty
 0001:00000174       AddBlockAfter
 0001:000001A4       DeleteBlock
 0001:000001BC       MergeBlockAfter
 0001:00000230       RemoveBlock
 0001:000002C0       GetSpace
 0001:00000324       GetSpaceAt
 0001:0000039C       FreeSpace
 0001:00000454       Commit
 0001:000004E8       Decommit
 0001:00000568       GetCommitted
 0001:000005F8       GetCommittedAt
 0001:0000071C       FreeCommitted
 0001:000007A8       InitAllocator
 0001:0000086C       UninitAllocator
 0001:0000094C       DeleteFree
 0001:000009B0       FindCommitted
 0001:000009E0       FillBeforeGap
 0001:00000A10       InternalFreeMem
 0001:00000A34       FillAfterGap
 0001:00000A5C       FillerSizeBeforeGap
 0001:00000ACC       FillerSizeAfterGap
 0001:00000B04       DecommitFree
 0001:00000BB4       InsertFree
 0001:00000C3C       FreeCurAlloc
 0001:00000C88       MergeCommit
 0001:00000D14       NewCommit
 0001:00000D40       NewCommitAt
 0001:00000D74       SearchSmallBlocks
 0001:00000DA0       TryHarder
 0001:00000E94       SysGetMem
 0001:00001024       SysFreeMem
 0001:000011C8       ResizeInPlace
 0001:00001398       SysReallocMem
 0001:0000145C       @GetMem
 0001:0000147C       @FreeMem
 0001:0000149C       RunErrorAt
 0001:000014A8       ErrorAt
 0001:000014F4       Error
 0001:00001500       SetInOutRes
 0001:00001510       Move
 0001:00001550       Randomize
 0001:0000158C       OpenText
 0001:000015E4       @RewritText
 0001:000015F0       TextIn
 0001:0000162C       FileNOPProc
 0001:00001630       TextOut
 0001:0000166C       InternalClose
 0001:0000167C       TextClose
 0001:0000169C       TextOpen
 0001:00001848       InternalFlush
 0001:00001890       @Flush
 0001:0000189C       @Close
 0001:000018F4       @RandInt
 0001:00001910       TryOpenForOutput
 0001:00001954       @WriteBytes
 0001:000019A8       @WriteSpaces
 0001:00001A24       @WriteLn
 0001:00001A6C       GetKeyboardType
 0001:00001A74       @isNECWindows
 0001:00001AA4       @FpuMaskInit
 0001:00001B68       @FpuInit
 0001:00001B74       TObject.Free
 0001:00001B80       NotifyReRaise
 0001:00001B9C       NotifyNonDelphiException
 0001:00001BC0       NotifyExcept
 0001:00001BD8       NotifyAnyExcept
 0001:00001BEC       CheckJmp
 0001:00001C0C       NotifyExceptFinally
 0001:00001C34       NotifyTerminate
 0001:00001C50       NotifyUnhandled
 0001:00001C70       @HandleAnyException
 0001:00001D9C       @HandleFinally
 0001:00001DD4       @RaiseAgain
 0001:00001E28       @DoneExcept
 0001:00001E58       @TryFinallyExit
 0001:00001E70       MapToRunError
 0001:00001F10       @ExceptionHandler
 0001:00001FB0       SetExceptionHandler
 0001:00001FD0       UnsetExceptionHandler
 0001:00001FF8       FinalizeUnits
 0001:00002058       InitUnits
 0001:000020B8       @StartExe
 0001:000020F8       MakeErrorMessage
 0001:00002154       ExitDll
 0001:00002184       WriteErrorMessage
 0001:00002210       @Halt0
 0001:000022E8       @Halt
 0001:000022F4       @RunError
 0001:00002300       @LStrClr
 0001:00002324       @NewAnsiString
 0001:00002350       @LStrFromPCharLen
 0001:00002380       @LStrFromArray
 0001:00002398       @LStrToPChar
 0001:000023A4       @Write0LString
 0001:000023AC       @WriteLString
 0001:000023CC       VariantSystemUndefinedError
 0001:000023D4       VariantSystemDefaultVarClear
 0001:000023EC       InitVariantManager
 0001:0000240C       @DispCallByIDError
 0001:00002414       NotifyModuleUnload
 0001:00002470       RegisterModule
 0001:00002480       UnregisterModule
 0001:000024F0       Finalization
 0001:00002544       System
 0001:000025B8       GetModuleHandle
 0001:000025C0       LocalAlloc
 0001:000025C8       TlsGetValue
 0001:000025D0       TlsSetValue
 0001:000025D8       AllocTlsBuffer
 0001:000025E4       GetTlsSize
 0001:000025EC       InitThreadTLS
 0001:00002630       @GetTls
 0001:00002670       InitializeModule
 0001:0000267C       @InitExe
 0001:000026C0       Finalization
 0001:000026F0       SysInit
 0001:000026F8       FindFirstFile
 0001:00002700       FindNextFile
 0001:00002708       FileTimeToLocalFileTime
 0001:00002710       FileTimeToDosDateTime
 0001:00002718       FindClose
 0001:00002720       PlaySound
 0001:00002728       Findlose
 0001:00002744       FindMatchingFile
 0001:000027A8       FindFirst
 0001:000027F8       FindNext
 0001:0000281C       Finalization
 0001:0000284C       Unit1
 0001:00002854       Finalization
 0001:000028A4       randwav
 0002:00000000       ExitCode
 0002:00000004       ErrorAddr
 0002:00000008       RandSeed
 0002:0000000C       FileMode
 0002:00000010       Default8087CW
 0002:00000014       DebugHook
 0002:00000018       JITEnable
 0002:0000001C       NoErrMsg
 0002:00000020       DefaultTextLineBreakStyle
 0002:00000024       LibModuleList
 0002:00000028       ModuleUnloadList
 0002:0000002C       MemoryManager
 0002:00000038       reMap
 0002:00000054       runErrMsg
 0002:00000074       errCaption
 0002:0000007C       dig
 0002:0000008C       Module
 0002:00001000       DispCallByIDProc
 0002:00001004       ExceptProc
 0002:00001008       ErrorProc
 0002:0000100C       ExceptObjProc
 0002:00001010       RaiseExceptionProc
 0002:00001014       RTLUnwindProc
 0002:00001018       ExitProcessProc
 0002:0000101C       MainInstance
 0002:00001020       MainThreadID
 0002:00001024       IsLibrary
 0002:00001028       CmdShow
 0002:0000102C       CmdLine
 0002:00001030       ExitProc
 0002:00001034       IsConsole
 0002:00001035       IsMultiThread
 0002:00001036       Test8086
 0002:00001038       Input
 0002:00001204       Output
 0002:000013D0       ErrOutput
 0002:0000159C       AllocMemCount
 0002:000015A0       AllocMemSize
 0002:000015A4       .5
 0002:000015A8       initialized
 0002:000015AC       heapErrorCode
 0002:000015B0       heapLock
 0002:000015C8       blockDescBlockList
 0002:000015CC       blockDescFreeList
 0002:000015D0       spaceRoot
 0002:000015E0       decommittedRoot
 0002:000015F0       avail
 0002:000015FC       rover
 0002:00001600       remBytes
 0002:00001604       curAlloc
 0002:00001608       smallTab
 0002:0000160C       committedRoot
 0002:0000161C       InitContext
 0002:00001648       VariantManager
 0002:000016F4       ModuleIsLib
 0002:000016F8       TlsIndex
 0002:00001700       HInstance
 0002:00001704       .1
 0002:00001708       tlsBuffer
 0002:0000170C       .1
 0002:00001710       phile


Line numbers for Unit1(Unit1.pas) segment .text

    64 0001:000026F8    66 0001:00002700    68 0001:00002708    70 0001:00002710
    73 0001:00002718    76 0001:00002720    83 0001:00002728    84 0001:0000272B
    86 0001:00002733    87 0001:00002739    89 0001:00002740    95 0001:00002744
    99 0001:0000274C   101 0001:0000275D   102 0001:00002762    98 0001:00002764
   104 0001:0000276C   105 0001:00002776   107 0001:00002785   108 0001:0000278B
   109 0001:00002791   111 0001:000027A1   112 0001:000027A3   118 0001:000027A8
   119 0001:000027AF   120 0001:000027B7   121 0001:000027CD   123 0001:000027D2
   124 0001:000027DB   126 0001:000027E8   127 0001:000027F1   130 0001:000027F8
   131 0001:000027FB   132 0001:0000280C   133 0001:00002815   134 0001:0000281A
   137 0001:0000284C   137 0001:00002853

Bound resource files

randwav.res
randwav.drf


Program entry point at 0001:000028A4
